uses:
  assert:
    js: assert
  get:
    js: lodash.get
  path:
    js: @dogmalang/path
